=== Sniffer Log - 2026-06-09 17:20:10 ===
Interface: wlo1 | Filtre: tcp port 21 or tcp port 443

[2026-06-09 17:20:06.777] TCP   | N/A            :443   -> N/A            :52108
[2026-06-09 17:20:06.777] TCP   | N/A            :443   -> N/A            :54500
[2026-06-09 17:20:06.777] TCP   | N/A            :54500 -> N/A            :443  
[2026-06-09 17:20:06.778] TCP   | N/A            :443   -> N/A            :52108
[2026-06-09 17:20:06.779] TCP   | N/A            :52108 -> N/A            :443  
[2026-06-09 17:20:06.781] TCP   | N/A            :443   -> N/A            :54500
[2026-06-09 17:20:06.782] TCP   | N/A            :443   -> N/A            :52108
[2026-06-09 17:20:06.782] TCP   | N/A            :54500 -> N/A            :443  
[2026-06-09 17:20:06.787] TCP   | N/A            :443   -> N/A            :54500
[2026-06-09 17:20:06.787] TCP   | N/A            :54500 -> N/A            :443  
[2026-06-09 17:20:06.791] TCP   | N/A            :443   -> N/A            :52108
[2026-06-09 17:20:06.791] TCP   | N/A            :52108 -> N/A            :443  
[2026-06-09 17:20:06.794] TCP   | N/A            :443   -> N/A            :52108
[2026-06-09 17:20:06.794] TCP   | N/A            :52108 -> N/A            :443  
[2026-06-09 17:20:06.802] TCP   | N/A            :443   -> N/A            :52108
[2026-06-09 17:20:06.802] TCP   | N/A            :443   -> N/A            :52108
[2026-06-09 17:20:06.802] TCP   | N/A            :52108 -> N/A            :443  
[2026-06-09 17:20:06.807] TCP   | N/A            :443   -> N/A            :52108
[2026-06-09 17:20:06.807] TCP   | N/A            :52108 -> N/A            :443  
[2026-06-09 17:20:06.809] TCP   | N/A            :443   -> N/A            :52108
[2026-06-09 17:20:06.809] TCP   | N/A            :52108 -> N/A            :443  
[2026-06-09 17:20:06.814] TCP   | N/A            :443   -> N/A            :52108
[2026-06-09 17:20:06.814] TCP   | N/A            :52108 -> N/A            :443  
[2026-06-09 17:20:06.814] TCP   | N/A            :443   -> N/A            :54500
[2026-06-09 17:20:06.818] TCP   | N/A            :443   -> N/A            :54500
[2026-06-09 17:20:06.818] TCP   | N/A            :443   -> N/A            :52108
[2026-06-09 17:20:06.818] TCP   | N/A            :54500 -> N/A            :443  
[2026-06-09 17:20:06.819] TCP   | N/A            :443   -> N/A            :52108
[2026-06-09 17:20:06.819] TCP   | N/A            :52108 -> N/A            :443  
[2026-06-09 17:20:06.820] TCP   | N/A            :443   -> N/A            :54500
[2026-06-09 17:20:06.824] TCP   | N/A            :443   -> N/A            :52108
[2026-06-09 17:20:06.824] TCP   | N/A            :443   -> N/A            :54500
[2026-06-09 17:20:06.824] TCP   | N/A            :52108 -> N/A            :443  
[2026-06-09 17:20:06.825] TCP   | N/A            :54500 -> N/A            :443  
[2026-06-09 17:20:06.825] TCP   | N/A            :443   -> N/A            :52108
[2026-06-09 17:20:06.826] TCP   | N/A            :52108 -> N/A            :443  
[2026-06-09 17:20:06.827] TCP   | N/A            :443   -> N/A            :54500
[2026-06-09 17:20:06.848] TCP   | N/A            :443   -> N/A            :52108
[2026-06-09 17:20:06.848] TCP   | N/A            :443   -> N/A            :54500
[2026-06-09 17:20:06.848] TCP   | N/A            :443   -> N/A            :54500
[2026-06-09 17:20:06.849] TCP   | N/A            :443   -> N/A            :54500
[2026-06-09 17:20:06.849] TCP   | N/A            :52108 -> N/A            :443  
[2026-06-09 17:20:06.849] TCP   | N/A            :54500 -> N/A            :443  
[2026-06-09 17:20:06.859] TCP   | N/A            :443   -> N/A            :52108
[2026-06-09 17:20:06.862] TCP   | N/A            :443   -> N/A            :54500
[2026-06-09 17:20:06.862] TCP   | N/A            :54500 -> N/A            :443  
[2026-06-09 17:20:06.864] TCP   | N/A            :443   -> N/A            :52108
[2026-06-09 17:20:06.864] TCP   | N/A            :52108 -> N/A            :443  
[2026-06-09 17:20:06.865] TCP   | N/A            :443   -> N/A            :52108
[2026-06-09 17:20:06.865] TCP   | N/A            :443   -> N/A            :54500
[2026-06-09 17:20:06.867] TCP   | N/A            :443   -> N/A            :54500
[2026-06-09 17:20:06.867] TCP   | N/A            :443   -> N/A            :54500
[2026-06-09 17:20:06.867] TCP   | N/A            :54500 -> N/A            :443  
[2026-06-09 17:20:06.869] TCP   | N/A            :443   -> N/A            :54500
[2026-06-09 17:20:06.869] TCP   | N/A            :54500 -> N/A            :443  
[2026-06-09 17:20:06.871] TCP   | N/A            :443   -> N/A            :54500
[2026-06-09 17:20:06.871] TCP   | N/A            :54500 -> N/A            :443  
[2026-06-09 17:20:06.871] TCP   | N/A            :443   -> N/A            :52108
[2026-06-09 17:20:06.871] TCP   | N/A            :52108 -> N/A            :443  
[2026-06-09 17:20:06.878] TCP   | N/A            :443   -> N/A            :52108
[2026-06-09 17:20:06.884] TCP   | N/A            :443   -> N/A            :52108
[2026-06-09 17:20:06.884] TCP   | N/A            :443   -> N/A            :52108
[2026-06-09 17:20:06.884] TCP   | N/A            :52108 -> N/A            :443  
[2026-06-09 17:20:06.885] TCP   | N/A            :443   -> N/A            :54500
[2026-06-09 17:20:06.885] TCP   | N/A            :54500 -> N/A            :443  
[2026-06-09 17:20:06.887] TCP   | N/A            :443   -> N/A            :54500
[2026-06-09 17:20:06.888] TCP   | N/A            :54500 -> N/A            :443  
[2026-06-09 17:20:06.891] TCP   | N/A            :443   -> N/A            :52108
[2026-06-09 17:20:06.893] TCP   | N/A            :443   -> N/A            :52108
[2026-06-09 17:20:06.893] TCP   | N/A            :52108 -> N/A            :443  
[2026-06-09 17:20:06.896] TCP   | N/A            :443   -> N/A            :52108
[2026-06-09 17:20:06.896] TCP   | N/A            :443   -> N/A            :52108
[2026-06-09 17:20:06.896] TCP   | N/A            :52108 -> N/A            :443  
[2026-06-09 17:20:06.899] TCP   | N/A            :443   -> N/A            :52108
[2026-06-09 17:20:06.899] TCP   | N/A            :52108 -> N/A            :443  
[2026-06-09 17:20:06.901] TCP   | N/A            :443   -> N/A            :52108
[2026-06-09 17:20:06.904] TCP   | N/A            :443   -> N/A            :52108
[2026-06-09 17:20:06.904] TCP   | N/A            :52108 -> N/A            :443  
[2026-06-09 17:20:06.907] TCP   | N/A            :443   -> N/A            :52108
[2026-06-09 17:20:06.907] TCP   | N/A            :52108 -> N/A            :443  
[2026-06-09 17:20:06.914] TCP   | N/A            :443   -> N/A            :52108
[2026-06-09 17:20:06.918] TCP   | N/A            :443   -> N/A            :54500
[2026-06-09 17:20:06.918] TCP   | N/A            :54500 -> N/A            :443  
[2026-06-09 17:20:06.921] TCP   | N/A            :443   -> N/A            :52108
[2026-06-09 17:20:06.922] TCP   | N/A            :443   -> N/A            :34108
[2026-06-09 17:20:06.922] TCP   | N/A            :52108 -> N/A            :443  
[2026-06-09 17:20:06.924] TCP   | N/A            :443   -> N/A            :52108
[2026-06-09 17:20:06.924] TCP   | N/A            :52108 -> N/A            :443  
[2026-06-09 17:20:06.927] TCP   | N/A            :443   -> N/A            :34108
[2026-06-09 17:20:06.928] TCP   | N/A            :34108 -> N/A            :443  
[2026-06-09 17:20:06.930] TCP   | N/A            :443   -> N/A            :34108
[2026-06-09 17:20:06.947] TCP   | N/A            :443   -> N/A            :34108
[2026-06-09 17:20:06.947] TCP   | N/A            :443   -> N/A            :54500
[2026-06-09 17:20:06.947] TCP   | N/A            :443   -> N/A            :52108
[2026-06-09 17:20:06.948] TCP   | N/A            :443   -> N/A            :52108
[2026-06-09 17:20:06.948] TCP   | N/A            :443   -> N/A            :52108
[2026-06-09 17:20:06.948] TCP   | N/A            :34108 -> N/A            :443  
[2026-06-09 17:20:06.949] TCP   | N/A            :54500 -> N/A            :443  
[2026-06-09 17:20:06.949] TCP   | N/A            :52108 -> N/A            :443  
[2026-06-09 17:20:06.961] TCP   | N/A            :443   -> N/A            :52108
[2026-06-09 17:20:06.962] TCP   | N/A            :52108 -> N/A            :443  
[2026-06-09 17:20:07.015] TCP   | N/A            :443   -> N/A            :54500
[2026-06-09 17:20:07.016] TCP   | N/A            :443   -> N/A            :54500
[2026-06-09 17:20:07.017] TCP   | N/A            :54500 -> N/A            :443  
[2026-06-09 17:20:07.018] TCP   | N/A            :443   -> N/A            :54500
[2026-06-09 17:20:07.020] TCP   | N/A            :443   -> N/A            :54500
[2026-06-09 17:20:07.021] TCP   | N/A            :443   -> N/A            :54500
[2026-06-09 17:20:07.023] TCP   | N/A            :443   -> N/A            :54500
[2026-06-09 17:20:07.024] TCP   | N/A            :54500 -> N/A            :443  
[2026-06-09 17:20:07.025] TCP   | N/A            :54500 -> N/A            :443  
[2026-06-09 17:20:07.034] TCP   | N/A            :443   -> N/A            :54500
[2026-06-09 17:20:07.035] TCP   | N/A            :443   -> N/A            :54500
[2026-06-09 17:20:07.037] TCP   | N/A            :443   -> N/A            :34108
[2026-06-09 17:20:07.038] TCP   | N/A            :443   -> N/A            :54500
[2026-06-09 17:20:07.039] TCP   | N/A            :54500 -> N/A            :443  
[2026-06-09 17:20:07.040] TCP   | N/A            :54500 -> N/A            :443  
[2026-06-09 17:20:07.051] TCP   | N/A            :443   -> N/A            :54500
[2026-06-09 17:20:07.053] TCP   | N/A            :443   -> N/A            :54500
[2026-06-09 17:20:07.054] TCP   | N/A            :443   -> N/A            :54500
[2026-06-09 17:20:07.055] TCP   | N/A            :443   -> N/A            :54500
[2026-06-09 17:20:07.056] TCP   | N/A            :54500 -> N/A            :443  
[2026-06-09 17:20:07.058] TCP   | N/A            :443   -> N/A            :54500
[2026-06-09 17:20:07.059] TCP   | N/A            :54500 -> N/A            :443  
[2026-06-09 17:20:07.070] TCP   | N/A            :443   -> N/A            :54500
[2026-06-09 17:20:07.070] TCP   | N/A            :443   -> N/A            :34108
[2026-06-09 17:20:07.071] TCP   | N/A            :443   -> N/A            :54500
[2026-06-09 17:20:07.071] TCP   | N/A            :34108 -> N/A            :443  
[2026-06-09 17:20:07.072] TCP   | N/A            :54500 -> N/A            :443  
[2026-06-09 17:20:07.095] TCP   | N/A            :443   -> N/A            :54500
[2026-06-09 17:20:07.095] TCP   | N/A            :443   -> N/A            :52108
[2026-06-09 17:20:07.096] TCP   | N/A            :52108 -> N/A            :443  
[2026-06-09 17:20:07.096] TCP   | N/A            :54500 -> N/A            :443  
[2026-06-09 17:20:07.096] TCP   | N/A            :443   -> N/A            :52108
[2026-06-09 17:20:07.097] TCP   | N/A            :443   -> N/A            :52108
[2026-06-09 17:20:07.097] TCP   | N/A            :443   -> N/A            :52108
[2026-06-09 17:20:07.098] TCP   | N/A            :52108 -> N/A            :443  
[2026-06-09 17:20:07.112] TCP   | N/A            :443   -> N/A            :52108
[2026-06-09 17:20:07.113] TCP   | N/A            :443   -> N/A            :54500
[2026-06-09 17:20:07.113] TCP   | N/A            :443   -> N/A            :52108
[2026-06-09 17:20:07.114] TCP   | N/A            :443   -> N/A            :54500
[2026-06-09 17:20:07.114] TCP   | N/A            :54500 -> N/A            :443  
[2026-06-09 17:20:07.114] TCP   | N/A            :52108 -> N/A            :443  
[2026-06-09 17:20:07.114] TCP   | N/A            :54500 -> N/A            :443  
[2026-06-09 17:20:07.115] TCP   | N/A            :443   -> N/A            :52108
[2026-06-09 17:20:07.115] TCP   | N/A            :52108 -> N/A            :443  
[2026-06-09 17:20:07.115] TCP   | N/A            :443   -> N/A            :52108
[2026-06-09 17:20:07.115] TCP   | N/A            :443   -> N/A            :54500
[2026-06-09 17:20:07.116] TCP   | N/A            :443   -> N/A            :52108
[2026-06-09 17:20:07.116] TCP   | N/A            :52108 -> N/A            :443  
[2026-06-09 17:20:07.117] TCP   | N/A            :443   -> N/A            :54500
[2026-06-09 17:20:07.117] TCP   | N/A            :443   -> N/A            :52108
[2026-06-09 17:20:07.117] TCP   | N/A            :54500 -> N/A            :443  
[2026-06-09 17:20:07.119] TCP   | N/A            :443   -> N/A            :54500
[2026-06-09 17:20:07.119] TCP   | N/A            :54500 -> N/A            :443  
[2026-06-09 17:20:07.121] TCP   | N/A            :443   -> N/A            :52108
[2026-06-09 17:20:07.121] TCP   | N/A            :443   -> N/A            :52108
[2026-06-09 17:20:07.122] TCP   | N/A            :52108 -> N/A            :443  
[2026-06-09 17:20:07.125] TCP   | N/A            :443   -> N/A            :52108
[2026-06-09 17:20:07.125] TCP   | N/A            :52108 -> N/A            :443  
[2026-06-09 17:20:07.131] TCP   | N/A            :443   -> N/A            :52108
[2026-06-09 17:20:07.131] TCP   | N/A            :443   -> N/A            :54500
[2026-06-09 17:20:07.133] TCP   | N/A            :443   -> N/A            :54500
[2026-06-09 17:20:07.133] TCP   | N/A            :443   -> N/A            :54500
[2026-06-09 17:20:07.134] TCP   | N/A            :54500 -> N/A            :443  
[2026-06-09 17:20:07.134] TCP   | N/A            :54500 -> N/A            :443  
[2026-06-09 17:20:07.135] TCP   | N/A            :443   -> N/A            :54500
[2026-06-09 17:20:07.135] TCP   | N/A            :54500 -> N/A            :443  
[2026-06-09 17:20:07.147] TCP   | N/A            :443   -> N/A            :54500
[2026-06-09 17:20:07.149] TCP   | N/A            :443   -> N/A            :54500
[2026-06-09 17:20:07.150] TCP   | N/A            :54500 -> N/A            :443  
[2026-06-09 17:20:07.151] TCP   | N/A            :54500 -> N/A            :443  
[2026-06-09 17:20:07.172] TCP   | N/A            :52108 -> N/A            :443  
[2026-06-09 17:20:07.183] TCP   | N/A            :443   -> N/A            :34108
[2026-06-09 17:20:07.184] TCP   | N/A            :443   -> N/A            :52108
[2026-06-09 17:20:07.185] TCP   | N/A            :443   -> N/A            :54500
[2026-06-09 17:20:07.187] TCP   | N/A            :443   -> N/A            :52108
[2026-06-09 17:20:07.188] TCP   | N/A            :52108 -> N/A            :443  
[2026-06-09 17:20:07.188] TCP   | N/A            :52108 -> N/A            :443  
[2026-06-09 17:20:07.189] TCP   | N/A            :34108 -> N/A            :443  
[2026-06-09 17:20:07.191] TCP   | N/A            :443   -> N/A            :54500
[2026-06-09 17:20:07.192] TCP   | N/A            :443   -> N/A            :52108
[2026-06-09 17:20:07.193] TCP   | N/A            :443   -> N/A            :52108
[2026-06-09 17:20:07.194] TCP   | N/A            :52108 -> N/A            :443  
[2026-06-09 17:20:07.195] TCP   | N/A            :52108 -> N/A            :443  
[2026-06-09 17:20:07.196] TCP   | N/A            :54500 -> N/A            :443  
[2026-06-09 17:20:07.197] TCP   | N/A            :443   -> N/A            :52108
[2026-06-09 17:20:07.198] TCP   | N/A            :52108 -> N/A            :443  
[2026-06-09 17:20:07.200] TCP   | N/A            :443   -> N/A            :54500
[2026-06-09 17:20:07.201] TCP   | N/A            :443   -> N/A            :54500
[2026-06-09 17:20:07.202] TCP   | N/A            :443   -> N/A            :52108
[2026-06-09 17:20:07.203] TCP   | N/A            :52108 -> N/A            :443  
[2026-06-09 17:20:07.203] TCP   | N/A            :443   -> N/A            :54500
[2026-06-09 17:20:07.204] TCP   | N/A            :54500 -> N/A            :443  
[2026-06-09 17:20:07.204] TCP   | N/A            :443   -> N/A            :52108
[2026-06-09 17:20:07.204] TCP   | N/A            :443   -> N/A            :52108
[2026-06-09 17:20:07.204] TCP   | N/A            :52108 -> N/A            :443  
[2026-06-09 17:20:07.204] TCP   | N/A            :52108 -> N/A            :443  
[2026-06-09 17:20:07.205] TCP   | N/A            :443   -> N/A            :54500
[2026-06-09 17:20:07.205] TCP   | N/A            :443   -> N/A            :54500
[2026-06-09 17:20:07.205] TCP   | N/A            :443   -> N/A            :52108
[2026-06-09 17:20:07.206] TCP   | N/A            :52108 -> N/A            :443  
[2026-06-09 17:20:07.206] TCP   | N/A            :54500 -> N/A            :443  
[2026-06-09 17:20:07.235] TCP   | N/A            :443   -> N/A            :52108
[2026-06-09 17:20:07.235] TCP   | N/A            :443   -> N/A            :52108
[2026-06-09 17:20:07.236] TCP   | N/A            :443   -> N/A            :52108
[2026-06-09 17:20:07.236] TCP   | N/A            :52108 -> N/A            :443  
[2026-06-09 17:20:07.236] TCP   | N/A            :443   -> N/A            :54500
[2026-06-09 17:20:07.237] TCP   | N/A            :443   -> N/A            :54500
[2026-06-09 17:20:07.237] TCP   | N/A            :443   -> N/A            :34108
[2026-06-09 17:20:07.237] TCP   | N/A            :54500 -> N/A            :443  
[2026-06-09 17:20:07.237] TCP   | N/A            :52108 -> N/A            :443  
[2026-06-09 17:20:07.237] TCP   | N/A            :52108 -> N/A            :443  
[2026-06-09 17:20:07.238] TCP   | N/A            :443   -> N/A            :52108
[2026-06-09 17:20:07.238] TCP   | N/A            :52108 -> N/A            :443  
[2026-06-09 17:20:07.321] TCP   | N/A            :34108 -> N/A            :443  
[2026-06-09 17:20:07.334] TCP   | N/A            :443   -> N/A            :52108
[2026-06-09 17:20:07.336] TCP   | N/A            :443   -> N/A            :52108
[2026-06-09 17:20:07.338] TCP   | N/A            :443   -> N/A            :54500
[2026-06-09 17:20:07.339] TCP   | N/A            :443   -> N/A            :52108
[2026-06-09 17:20:07.341] TCP   | N/A            :443   -> N/A            :54500
[2026-06-09 17:20:07.343] TCP   | N/A            :443   -> N/A            :52108
[2026-06-09 17:20:07.345] TCP   | N/A            :443   -> N/A            :54500
[2026-06-09 17:20:07.346] TCP   | N/A            :52108 -> N/A            :443  
[2026-06-09 17:20:07.348] TCP   | N/A            :443   -> N/A            :54500
[2026-06-09 17:20:07.350] TCP   | N/A            :52108 -> N/A            :443  
[2026-06-09 17:20:07.351] TCP   | N/A            :52108 -> N/A            :443  
[2026-06-09 17:20:07.353] TCP   | N/A            :54500 -> N/A            :443  
[2026-06-09 17:20:07.354] TCP   | N/A            :52108 -> N/A            :443  
[2026-06-09 17:20:07.356] TCP   | N/A            :443   -> N/A            :52108
[2026-06-09 17:20:07.357] TCP   | N/A            :443   -> N/A            :52108
[2026-06-09 17:20:07.359] TCP   | N/A            :443   -> N/A            :52108
[2026-06-09 17:20:07.360] TCP   | N/A            :443   -> N/A            :54500
[2026-06-09 17:20:07.363] TCP   | N/A            :443   -> N/A            :54500
[2026-06-09 17:20:07.364] TCP   | N/A            :443   -> N/A            :54500
[2026-06-09 17:20:07.365] TCP   | N/A            :443   -> N/A            :54500
[2026-06-09 17:20:07.366] TCP   | N/A            :52108 -> N/A            :443  
[2026-06-09 17:20:07.366] TCP   | N/A            :54500 -> N/A            :443  
[2026-06-09 17:20:07.404] TCP   | N/A            :443   -> N/A            :54500
[2026-06-09 17:20:07.405] TCP   | N/A            :443   -> N/A            :52108
[2026-06-09 17:20:07.405] TCP   | N/A            :443   -> N/A            :52108
[2026-06-09 17:20:07.405] TCP   | N/A            :443   -> N/A            :52108
[2026-06-09 17:20:07.406] TCP   | N/A            :52108 -> N/A            :443  
[2026-06-09 17:20:07.406] TCP   | N/A            :52108 -> N/A            :443  
[2026-06-09 17:20:07.406] TCP   | N/A            :443   -> N/A            :52108
[2026-06-09 17:20:07.407] TCP   | N/A            :443   -> N/A            :52108
[2026-06-09 17:20:07.407] TCP   | N/A            :54500 -> N/A            :443  
[2026-06-09 17:20:07.407] TCP   | N/A            :52108 -> N/A            :443  
[2026-06-09 17:20:07.457] TCP   | N/A            :443   -> N/A            :52108
[2026-06-09 17:20:07.457] TCP   | N/A            :443   -> N/A            :52108
[2026-06-09 17:20:07.458] TCP   | N/A            :443   -> N/A            :52108
[2026-06-09 17:20:07.458] TCP   | N/A            :443   -> N/A            :34108
[2026-06-09 17:20:07.458] TCP   | N/A            :443   -> N/A            :54500
[2026-06-09 17:20:07.459] TCP   | N/A            :443   -> N/A            :54500
[2026-06-09 17:20:07.459] TCP   | N/A            :443   -> N/A            :54500
[2026-06-09 17:20:07.459] TCP   | N/A            :34108 -> N/A            :443  
[2026-06-09 17:20:07.460] TCP   | N/A            :52108 -> N/A            :443  
[2026-06-09 17:20:07.460] TCP   | N/A            :54500 -> N/A            :443  
[2026-06-09 17:20:07.480] TCP   | N/A            :443   -> N/A            :54500
[2026-06-09 17:20:07.480] TCP   | N/A            :443   -> N/A            :54500
[2026-06-09 17:20:07.480] TCP   | N/A            :443   -> N/A            :54500
[2026-06-09 17:20:07.481] TCP   | N/A            :443   -> N/A            :54500
[2026-06-09 17:20:07.481] TCP   | N/A            :443   -> N/A            :54500
[2026-06-09 17:20:07.481] TCP   | N/A            :443   -> N/A            :54500
[2026-06-09 17:20:07.481] TCP   | N/A            :54500 -> N/A            :443  
[2026-06-09 17:20:07.502] TCP   | N/A            :443   -> N/A            :54500
[2026-06-09 17:20:07.502] TCP   | N/A            :443   -> N/A            :54500
[2026-06-09 17:20:07.502] TCP   | N/A            :443   -> N/A            :54500
[2026-06-09 17:20:07.503] TCP   | N/A            :443   -> N/A            :34108
[2026-06-09 17:20:07.503] TCP   | N/A            :443   -> N/A            :54500
[2026-06-09 17:20:07.503] TCP   | N/A            :443   -> N/A            :54500
[2026-06-09 17:20:07.504] TCP   | N/A            :34108 -> N/A            :443  
[2026-06-09 17:20:07.504] TCP   | N/A            :54500 -> N/A            :443  
[2026-06-09 17:20:07.512] TCP   | N/A            :443   -> N/A            :54500
[2026-06-09 17:20:07.513] TCP   | N/A            :443   -> N/A            :54500
[2026-06-09 17:20:07.513] TCP   | N/A            :443   -> N/A            :52108
[2026-06-09 17:20:07.514] TCP   | N/A            :443   -> N/A            :54500
[2026-06-09 17:20:07.514] TCP   | N/A            :443   -> N/A            :52108
[2026-06-09 17:20:07.515] TCP   | N/A            :443   -> N/A            :54500
[2026-06-09 17:20:07.515] TCP   | N/A            :443   -> N/A            :52108
[2026-06-09 17:20:07.515] TCP   | N/A            :443   -> N/A            :52108
[2026-06-09 17:20:07.515] TCP   | N/A            :52108 -> N/A            :443  
[2026-06-09 17:20:07.516] TCP   | N/A            :54500 -> N/A            :443  
[2026-06-09 17:20:07.534] TCP   | N/A            :443   -> N/A            :52108
[2026-06-09 17:20:07.534] TCP   | N/A            :443   -> N/A            :52108
[2026-06-09 17:20:07.535] TCP   | N/A            :443   -> N/A            :54500
[2026-06-09 17:20:07.535] TCP   | N/A            :443   -> N/A            :54500
[2026-06-09 17:20:07.536] TCP   | N/A            :443   -> N/A            :52108
[2026-06-09 17:20:07.536] TCP   | N/A            :443   -> N/A            :52108
[2026-06-09 17:20:07.536] TCP   | N/A            :52108 -> N/A            :443  
[2026-06-09 17:20:07.537] TCP   | N/A            :443   -> N/A            :52108
[2026-06-09 17:20:07.537] TCP   | N/A            :52108 -> N/A            :443  
[2026-06-09 17:20:07.537] TCP   | N/A            :54500 -> N/A            :443  
[2026-06-09 17:20:07.546] TCP   | N/A            :443   -> N/A            :54500
[2026-06-09 17:20:07.546] TCP   | N/A            :443   -> N/A            :54500
[2026-06-09 17:20:07.547] TCP   | N/A            :443   -> N/A            :54500
[2026-06-09 17:20:07.547] TCP   | N/A            :443   -> N/A            :52108
[2026-06-09 17:20:07.547] TCP   | N/A            :443   -> N/A            :52108
[2026-06-09 17:20:07.547] TCP   | N/A            :54500 -> N/A            :443  
[2026-06-09 17:20:07.548] TCP   | N/A            :54500 -> N/A            :443  
[2026-06-09 17:20:07.548] TCP   | N/A            :443   -> N/A            :54500
[2026-06-09 17:20:07.548] TCP   | N/A            :443   -> N/A            :54500
[2026-06-09 17:20:07.548] TCP   | N/A            :443   -> N/A            :54500
[2026-06-09 17:20:07.549] TCP   | N/A            :443   -> N/A            :54500
[2026-06-09 17:20:07.549] TCP   | N/A            :54500 -> N/A            :443  
[2026-06-09 17:20:07.549] TCP   | N/A            :54500 -> N/A            :443  
[2026-06-09 17:20:07.549] TCP   | N/A            :52108 -> N/A            :443  
[2026-06-09 17:20:07.549] TCP   | N/A            :54500 -> N/A            :443  
[2026-06-09 17:20:07.550] TCP   | N/A            :443   -> N/A            :52108
[2026-06-09 17:20:07.550] TCP   | N/A            :443   -> N/A            :52108
[2026-06-09 17:20:07.550] TCP   | N/A            :52108 -> N/A            :443  
[2026-06-09 17:20:07.568] TCP   | N/A            :443   -> N/A            :52108
[2026-06-09 17:20:07.569] TCP   | N/A            :443   -> N/A            :52108
[2026-06-09 17:20:07.569] TCP   | N/A            :443   -> N/A            :52108
[2026-06-09 17:20:07.569] TCP   | N/A            :443   -> N/A            :54500
[2026-06-09 17:20:07.570] TCP   | N/A            :443   -> N/A            :34108
[2026-06-09 17:20:07.570] TCP   | N/A            :443   -> N/A            :54500
[2026-06-09 17:20:07.570] TCP   | N/A            :34108 -> N/A            :443  
[2026-06-09 17:20:07.571] TCP   | N/A            :52108 -> N/A            :443  
[2026-06-09 17:20:07.571] TCP   | N/A            :54500 -> N/A            :443  
[2026-06-09 17:20:07.572] TCP   | N/A            :443   -> N/A            :52108
[2026-06-09 17:20:07.573] TCP   | N/A            :443   -> N/A            :52108
[2026-06-09 17:20:07.573] TCP   | N/A            :52108 -> N/A            :443  
[2026-06-09 17:20:07.573] TCP   | N/A            :443   -> N/A            :52108
[2026-06-09 17:20:07.574] TCP   | N/A            :443   -> N/A            :54500
[2026-06-09 17:20:07.574] TCP   | N/A            :54500 -> N/A            :443  
[2026-06-09 17:20:07.574] TCP   | N/A            :52108 -> N/A            :443  
[2026-06-09 17:20:07.575] TCP   | N/A            :443   -> N/A            :52108
[2026-06-09 17:20:07.575] TCP   | N/A            :443   -> N/A            :54500
[2026-06-09 17:20:07.575] TCP   | N/A            :54500 -> N/A            :443  
[2026-06-09 17:20:07.576] TCP   | N/A            :52108 -> N/A            :443  
[2026-06-09 17:20:07.577] TCP   | N/A            :443   -> N/A            :54500
[2026-06-09 17:20:07.577] TCP   | N/A            :54500 -> N/A            :443  
[2026-06-09 17:20:07.581] TCP   | N/A            :443   -> N/A            :52108
[2026-06-09 17:20:07.581] TCP   | N/A            :443   -> N/A            :54500
[2026-06-09 17:20:07.582] TCP   | N/A            :52108 -> N/A            :443  
[2026-06-09 17:20:07.582] TCP   | N/A            :54500 -> N/A            :443  
[2026-06-09 17:20:07.591] TCP   | N/A            :443   -> N/A            :52108
[2026-06-09 17:20:07.591] TCP   | N/A            :443   -> N/A            :52108
[2026-06-09 17:20:07.592] TCP   | N/A            :52108 -> N/A            :443  
[2026-06-09 17:20:07.592] TCP   | N/A            :443   -> N/A            :54500
[2026-06-09 17:20:07.592] TCP   | N/A            :443   -> N/A            :54500
[2026-06-09 17:20:07.592] TCP   | N/A            :52108 -> N/A            :443  
[2026-06-09 17:20:07.593] TCP   | N/A            :54500 -> N/A            :443  
[2026-06-09 17:20:07.593] TCP   | N/A            :54500 -> N/A            :443  
[2026-06-09 17:20:07.593] TCP   | N/A            :443   -> N/A            :52108
[2026-06-09 17:20:07.593] TCP   | N/A            :443   -> N/A            :52108
[2026-06-09 17:20:07.594] TCP   | N/A            :52108 -> N/A            :443  
[2026-06-09 17:20:07.594] TCP   | N/A            :52108 -> N/A            :443  
[2026-06-09 17:20:07.596] TCP   | N/A            :443   -> N/A            :54500
[2026-06-09 17:20:07.596] TCP   | N/A            :54500 -> N/A            :443  
[2026-06-09 17:20:07.597] TCP   | N/A            :443   -> N/A            :54500
[2026-06-09 17:20:07.597] TCP   | N/A            :54500 -> N/A            :443  
[2026-06-09 17:20:07.599] TCP   | N/A            :443   -> N/A            :54500
[2026-06-09 17:20:07.599] TCP   | N/A            :54500 -> N/A            :443  
[2026-06-09 17:20:07.603] TCP   | N/A            :443   -> N/A            :54500
[2026-06-09 17:20:07.603] TCP   | N/A            :54500 -> N/A            :443  
[2026-06-09 17:20:07.621] TCP   | N/A            :443   -> N/A            :52108
[2026-06-09 17:20:07.622] TCP   | N/A            :443   -> N/A            :52108
[2026-06-09 17:20:07.622] TCP   | N/A            :443   -> N/A            :52108
[2026-06-09 17:20:07.622] TCP   | N/A            :443   -> N/A            :54500
[2026-06-09 17:20:07.623] TCP   | N/A            :443   -> N/A            :54500
[2026-06-09 17:20:07.623] TCP   | N/A            :54500 -> N/A            :443  
[2026-06-09 17:20:07.623] TCP   | N/A            :52108 -> N/A            :443  
[2026-06-09 17:20:07.623] TCP   | N/A            :52108 -> N/A            :443  
[2026-06-09 17:20:07.624] TCP   | N/A            :52108 -> N/A            :443  
[2026-06-09 17:20:07.624] TCP   | N/A            :54500 -> N/A            :443  
[2026-06-09 17:20:07.624] TCP   | N/A            :443   -> N/A            :52108
[2026-06-09 17:20:07.624] TCP   | N/A            :52108 -> N/A            :443  
[2026-06-09 17:20:07.625] TCP   | N/A            :443   -> N/A            :52108
[2026-06-09 17:20:07.625] TCP   | N/A            :52108 -> N/A            :443  
[2026-06-09 17:20:07.628] TCP   | N/A            :443   -> N/A            :52108
[2026-06-09 17:20:07.628] TCP   | N/A            :52108 -> N/A            :443  
[2026-06-09 17:20:07.644] TCP   | N/A            :443   -> N/A            :34108
[2026-06-09 17:20:07.644] TCP   | N/A            :443   -> N/A            :52108
[2026-06-09 17:20:07.644] TCP   | N/A            :34108 -> N/A            :443  
[2026-06-09 17:20:07.645] TCP   | N/A            :52108 -> N/A            :443  
[2026-06-09 17:20:07.645] TCP   | N/A            :443   -> N/A            :54500
[2026-06-09 17:20:07.646] TCP   | N/A            :443   -> N/A            :54500
[2026-06-09 17:20:07.646] TCP   | N/A            :54500 -> N/A            :443  
[2026-06-09 17:20:07.647] TCP   | N/A            :443   -> N/A            :54500
[2026-06-09 17:20:07.647] TCP   | N/A            :54500 -> N/A            :443  
[2026-06-09 17:20:07.655] TCP   | N/A            :443   -> N/A            :54500
[2026-06-09 17:20:07.656] TCP   | N/A            :443   -> N/A            :54500
[2026-06-09 17:20:07.656] TCP   | N/A            :443   -> N/A            :52108
[2026-06-09 17:20:07.657] TCP   | N/A            :443   -> N/A            :52108
[2026-06-09 17:20:07.657] TCP   | N/A            :54500 -> N/A            :443  
[2026-06-09 17:20:07.657] TCP   | N/A            :52108 -> N/A            :443  
[2026-06-09 17:20:07.658] TCP   | N/A            :52108 -> N/A            :443  
[2026-06-09 17:20:07.658] TCP   | N/A            :443   -> N/A            :54500
[2026-06-09 17:20:07.659] TCP   | N/A            :54500 -> N/A            :443  
[2026-06-09 17:20:07.661] TCP   | N/A            :443   -> N/A            :54500
[2026-06-09 17:20:07.662] TCP   | N/A            :443   -> N/A            :52108
[2026-06-09 17:20:07.662] TCP   | N/A            :443   -> N/A            :52108
[2026-06-09 17:20:07.663] TCP   | N/A            :52108 -> N/A            :443  
[2026-06-09 17:20:07.663] TCP   | N/A            :52108 -> N/A            :443  
[2026-06-09 17:20:07.664] TCP   | N/A            :54500 -> N/A            :443  
[2026-06-09 17:20:07.664] TCP   | N/A            :443   -> N/A            :52108
[2026-06-09 17:20:07.664] TCP   | N/A            :52108 -> N/A            :443  
[2026-06-09 17:20:07.667] TCP   | N/A            :443   -> N/A            :54500
[2026-06-09 17:20:07.667] TCP   | N/A            :443   -> N/A            :52108
[2026-06-09 17:20:07.668] TCP   | N/A            :52108 -> N/A            :443  
[2026-06-09 17:20:07.669] TCP   | N/A            :443   -> N/A            :54500
[2026-06-09 17:20:07.669] TCP   | N/A            :54500 -> N/A            :443  
[2026-06-09 17:20:07.671] TCP   | N/A            :443   -> N/A            :54500
[2026-06-09 17:20:07.672] TCP   | N/A            :443   -> N/A            :52108
[2026-06-09 17:20:07.672] TCP   | N/A            :52108 -> N/A            :443  
[2026-06-09 17:20:07.672] TCP   | N/A            :54500 -> N/A            :443  
[2026-06-09 17:20:07.675] TCP   | N/A            :443   -> N/A            :52108
[2026-06-09 17:20:07.675] TCP   | N/A            :52108 -> N/A            :443  
[2026-06-09 17:20:07.686] TCP   | N/A            :443   -> N/A            :54500
[2026-06-09 17:20:07.687] TCP   | N/A            :443   -> N/A            :54500
[2026-06-09 17:20:07.687] TCP   | N/A            :443   -> N/A            :54500
[2026-06-09 17:20:07.687] TCP   | N/A            :443   -> N/A            :52108
[2026-06-09 17:20:07.688] TCP   | N/A            :52108 -> N/A            :443  
[2026-06-09 17:20:07.688] TCP   | N/A            :54500 -> N/A            :443  
[2026-06-09 17:20:07.688] TCP   | N/A            :443   -> N/A            :54500
[2026-06-09 17:20:07.689] TCP   | N/A            :54500 -> N/A            :443  
[2026-06-09 17:20:07.694] TCP   | N/A            :443   -> N/A            :54500
[2026-06-09 17:20:07.696] TCP   | N/A            :443   -> N/A            :54500
[2026-06-09 17:20:07.696] TCP   | N/A            :54500 -> N/A            :443  
[2026-06-09 17:20:07.703] TCP   | N/A            :443   -> N/A            :52108
[2026-06-09 17:20:07.703] TCP   | N/A            :52108 -> N/A            :443  
[2026-06-09 17:20:07.714] TCP   | N/A            :443   -> N/A            :52108
[2026-06-09 17:20:07.714] TCP   | N/A            :443   -> N/A            :54500
[2026-06-09 17:20:07.715] TCP   | N/A            :52108 -> N/A            :443  
[2026-06-09 17:20:07.715] TCP   | N/A            :54500 -> N/A            :443  
[2026-06-09 17:20:07.715] TCP   | N/A            :443   -> N/A            :52108
[2026-06-09 17:20:07.715] TCP   | N/A            :52108 -> N/A            :443  
[2026-06-09 17:20:07.717] TCP   | N/A            :443   -> N/A            :52108
[2026-06-09 17:20:07.717] TCP   | N/A            :52108 -> N/A            :443  
[2026-06-09 17:20:07.721] TCP   | N/A            :443   -> N/A            :52108
[2026-06-09 17:20:07.721] TCP   | N/A            :52108 -> N/A            :443  
[2026-06-09 17:20:07.772] TCP   | N/A            :443   -> N/A            :34108
[2026-06-09 17:20:07.773] TCP   | N/A            :443   -> N/A            :54500
[2026-06-09 17:20:07.773] TCP   | N/A            :443   -> N/A            :52108
[2026-06-09 17:20:07.774] TCP   | N/A            :443   -> N/A            :52108
[2026-06-09 17:20:07.774] TCP   | N/A            :443   -> N/A            :52108
[2026-06-09 17:20:07.775] TCP   | N/A            :443   -> N/A            :52108
[2026-06-09 17:20:07.775] TCP   | N/A            :52108 -> N/A            :443  
[2026-06-09 17:20:07.776] TCP   | N/A            :34108 -> N/A            :443  
[2026-06-09 17:20:07.776] TCP   | N/A            :52108 -> N/A            :443  
[2026-06-09 17:20:07.777] TCP   | N/A            :52108 -> N/A            :443  
[2026-06-09 17:20:07.778] TCP   | N/A            :52108 -> N/A            :443  
[2026-06-09 17:20:07.778] TCP   | N/A            :54500 -> N/A            :443  
[2026-06-09 17:20:07.811] TCP   | N/A            :443   -> N/A            :52108
[2026-06-09 17:20:07.812] TCP   | N/A            :443   -> N/A            :54500
[2026-06-09 17:20:07.812] TCP   | N/A            :443   -> N/A            :54500
[2026-06-09 17:20:07.813] TCP   | N/A            :443   -> N/A            :54500
[2026-06-09 17:20:07.813] TCP   | N/A            :443   -> N/A            :54500
[2026-06-09 17:20:07.814] TCP   | N/A            :52108 -> N/A            :443  
[2026-06-09 17:20:07.814] TCP   | N/A            :443   -> N/A            :54500
[2026-06-09 17:20:07.815] TCP   | N/A            :443   -> N/A            :54500
[2026-06-09 17:20:07.815] TCP   | N/A            :54500 -> N/A            :443  
[2026-06-09 17:20:07.834] TCP   | N/A            :443   -> N/A            :52108
[2026-06-09 17:20:07.835] TCP   | N/A            :443   -> N/A            :54500
[2026-06-09 17:20:07.836] TCP   | N/A            :443   -> N/A            :54500
[2026-06-09 17:20:07.837] TCP   | N/A            :52108 -> N/A            :443  
[2026-06-09 17:20:07.838] TCP   | N/A            :54500 -> N/A            :443  
[2026-06-09 17:20:07.839] TCP   | N/A            :443   -> N/A            :52108
[2026-06-09 17:20:07.840] TCP   | N/A            :52108 -> N/A            :443  
[2026-06-09 17:20:07.842] TCP   | N/A            :443   -> N/A            :54500
[2026-06-09 17:20:07.843] TCP   | N/A            :54500 -> N/A            :443  
[2026-06-09 17:20:07.844] TCP   | N/A            :54500 -> N/A            :443  
[2026-06-09 17:20:07.845] TCP   | N/A            :443   -> N/A            :54500
[2026-06-09 17:20:07.846] TCP   | N/A            :443   -> N/A            :34108
[2026-06-09 17:20:07.847] TCP   | N/A            :54500 -> N/A            :443  
[2026-06-09 17:20:07.848] TCP   | N/A            :443   -> N/A            :54500
[2026-06-09 17:20:07.850] TCP   | N/A            :443   -> N/A            :54500
[2026-06-09 17:20:07.850] TCP   | N/A            :54500 -> N/A            :443  
[2026-06-09 17:20:07.851] TCP   | N/A            :54500 -> N/A            :443  
[2026-06-09 17:20:07.853] TCP   | N/A            :443   -> N/A            :34108
[2026-06-09 17:20:07.855] TCP   | N/A            :443   -> N/A            :54500
[2026-06-09 17:20:07.856] TCP   | N/A            :34108 -> N/A            :443  
[2026-06-09 17:20:07.857] TCP   | N/A            :443   -> N/A            :54500
[2026-06-09 17:20:07.859] TCP   | N/A            :54500 -> N/A            :443  
[2026-06-09 17:20:07.881] TCP   | N/A            :443   -> N/A            :54500
[2026-06-09 17:20:07.882] TCP   | N/A            :443   -> N/A            :54500
[2026-06-09 17:20:07.882] TCP   | N/A            :443   -> N/A            :54500
[2026-06-09 17:20:07.883] TCP   | N/A            :443   -> N/A            :54500
[2026-06-09 17:20:07.883] TCP   | N/A            :443   -> N/A            :54500
[2026-06-09 17:20:07.884] TCP   | N/A            :443   -> N/A            :54500
[2026-06-09 17:20:07.884] TCP   | N/A            :54500 -> N/A            :443  
[2026-06-09 17:20:07.885] TCP   | N/A            :443   -> N/A            :54500
[2026-06-09 17:20:07.886] TCP   | N/A            :54500 -> N/A            :443  
[2026-06-09 17:20:07.886] TCP   | N/A            :443   -> N/A            :54500
[2026-06-09 17:20:07.887] TCP   | N/A            :54500 -> N/A            :443  
[2026-06-09 17:20:07.887] TCP   | N/A            :443   -> N/A            :52108
[2026-06-09 17:20:07.888] TCP   | N/A            :52108 -> N/A            :443  
[2026-06-09 17:20:07.895] TCP   | N/A            :443   -> N/A            :52108
[2026-06-09 17:20:07.895] TCP   | N/A            :52108 -> N/A            :443  
[2026-06-09 17:20:07.895] TCP   | N/A            :443   -> N/A            :34108
[2026-06-09 17:20:07.903] TCP   | N/A            :443   -> N/A            :52108
[2026-06-09 17:20:07.904] TCP   | N/A            :52108 -> N/A            :443  
[2026-06-09 17:20:07.904] TCP   | N/A            :443   -> N/A            :34108
[2026-06-09 17:20:07.904] TCP   | N/A            :34108 -> N/A            :443  
[2026-06-09 17:20:07.907] TCP   | N/A            :443   -> N/A            :52108
[2026-06-09 17:20:07.907] TCP   | N/A            :52108 -> N/A            :443  
[2026-06-09 17:20:07.909] TCP   | N/A            :443   -> N/A            :52108
[2026-06-09 17:20:07.910] TCP   | N/A            :443   -> N/A            :52108
[2026-06-09 17:20:07.910] TCP   | N/A            :52108 -> N/A            :443  
[2026-06-09 17:20:07.910] TCP   | N/A            :52108 -> N/A            :443  
[2026-06-09 17:20:07.911] TCP   | N/A            :443   -> N/A            :52108
[2026-06-09 17:20:07.911] TCP   | N/A            :52108 -> N/A            :443  
[2026-06-09 17:20:07.913] TCP   | N/A            :443   -> N/A            :52108
[2026-06-09 17:20:07.913] TCP   | N/A            :443   -> N/A            :52108
[2026-06-09 17:20:07.913] TCP   | N/A            :52108 -> N/A            :443  
[2026-06-09 17:20:07.913] TCP   | N/A            :52108 -> N/A            :443  
[2026-06-09 17:20:07.917] TCP   | N/A            :443   -> N/A            :52108
[2026-06-09 17:20:07.917] TCP   | N/A            :52108 -> N/A            :443  
[2026-06-09 17:20:07.919] TCP   | N/A            :443   -> N/A            :52108
[2026-06-09 17:20:07.920] TCP   | N/A            :52108 -> N/A            :443  
[2026-06-09 17:20:07.923] TCP   | N/A            :443   -> N/A            :52108
[2026-06-09 17:20:07.924] TCP   | N/A            :443   -> N/A            :54500
[2026-06-09 17:20:07.924] TCP   | N/A            :52108 -> N/A            :443  
[2026-06-09 17:20:07.925] TCP   | N/A            :443   -> N/A            :52108
[2026-06-09 17:20:07.925] TCP   | N/A            :52108 -> N/A            :443  
[2026-06-09 17:20:07.930] TCP   | N/A            :443   -> N/A            :52108
[2026-06-09 17:20:07.930] TCP   | N/A            :52108 -> N/A            :443  
[2026-06-09 17:20:07.931] TCP   | N/A            :443   -> N/A            :52108
[2026-06-09 17:20:07.931] TCP   | N/A            :52108 -> N/A            :443  
[2026-06-09 17:20:07.936] TCP   | N/A            :443   -> N/A            :52108
[2026-06-09 17:20:07.937] TCP   | N/A            :52108 -> N/A            :443  
[2026-06-09 17:20:07.937] TCP   | N/A            :443   -> N/A            :52108
[2026-06-09 17:20:07.937] TCP   | N/A            :52108 -> N/A            :443  
[2026-06-09 17:20:07.939] TCP   | N/A            :443   -> N/A            :52108
[2026-06-09 17:20:07.939] TCP   | N/A            :52108 -> N/A            :443  
[2026-06-09 17:20:07.941] TCP   | N/A            :443   -> N/A            :52108
[2026-06-09 17:20:07.941] TCP   | N/A            :52108 -> N/A            :443  
[2026-06-09 17:20:07.942] TCP   | N/A            :443   -> N/A            :52108
[2026-06-09 17:20:07.942] TCP   | N/A            :52108 -> N/A            :443  
[2026-06-09 17:20:07.947] TCP   | N/A            :443   -> N/A            :52108
[2026-06-09 17:20:07.947] TCP   | N/A            :52108 -> N/A            :443  
[2026-06-09 17:20:07.949] TCP   | N/A            :443   -> N/A            :52108
[2026-06-09 17:20:07.949] TCP   | N/A            :443   -> N/A            :52108
[2026-06-09 17:20:07.949] TCP   | N/A            :52108 -> N/A            :443  
[2026-06-09 17:20:07.949] TCP   | N/A            :52108 -> N/A            :443  
[2026-06-09 17:20:07.951] TCP   | N/A            :443   -> N/A            :52108
[2026-06-09 17:20:07.952] TCP   | N/A            :52108 -> N/A            :443  
[2026-06-09 17:20:07.963] TCP   | N/A            :443   -> N/A            :52108
[2026-06-09 17:20:07.964] TCP   | N/A            :443   -> N/A            :52108
[2026-06-09 17:20:07.964] TCP   | N/A            :443   -> N/A            :54500
[2026-06-09 17:20:07.964] TCP   | N/A            :443   -> N/A            :54500
[2026-06-09 17:20:07.964] TCP   | N/A            :52108 -> N/A            :443  
[2026-06-09 17:20:07.964] TCP   | N/A            :54500 -> N/A            :443  
[2026-06-09 17:20:07.965] TCP   | N/A            :52108 -> N/A            :443  
[2026-06-09 17:20:07.966] TCP   | N/A            :443   -> N/A            :52108
[2026-06-09 17:20:07.967] TCP   | N/A            :52108 -> N/A            :443  
[2026-06-09 17:20:07.967] TCP   | N/A            :443   -> N/A            :52108
[2026-06-09 17:20:07.967] TCP   | N/A            :52108 -> N/A            :443  
[2026-06-09 17:20:07.969] TCP   | N/A            :443   -> N/A            :52108
[2026-06-09 17:20:07.969] TCP   | N/A            :52108 -> N/A            :443  
[2026-06-09 17:20:07.975] TCP   | N/A            :443   -> N/A            :52108
[2026-06-09 17:20:07.975] TCP   | N/A            :443   -> N/A            :52108
[2026-06-09 17:20:07.976] TCP   | N/A            :52108 -> N/A            :443  
[2026-06-09 17:20:07.976] TCP   | N/A            :52108 -> N/A            :443  
[2026-06-09 17:20:08.018] TCP   | N/A            :54500 -> N/A            :443  
[2026-06-09 17:20:08.019] TCP   | N/A            :443   -> N/A            :34108
[2026-06-09 17:20:08.019] TCP   | N/A            :443   -> N/A            :52108
[2026-06-09 17:20:08.020] TCP   | N/A            :443   -> N/A            :52108
[2026-06-09 17:20:08.020] TCP   | N/A            :443   -> N/A            :52108
[2026-06-09 17:20:08.021] TCP   | N/A            :443   -> N/A            :52108
[2026-06-09 17:20:08.021] TCP   | N/A            :443   -> N/A            :52108
[2026-06-09 17:20:08.022] TCP   | N/A            :443   -> N/A            :52108
[2026-06-09 17:20:08.022] TCP   | N/A            :52108 -> N/A            :443  
[2026-06-09 17:20:08.023] TCP   | N/A            :443   -> N/A            :34108
[2026-06-09 17:20:08.023] TCP   | N/A            :443   -> N/A            :54500
[2026-06-09 17:20:08.023] TCP   | N/A            :443   -> N/A            :54500
[2026-06-09 17:20:08.024] TCP   | N/A            :34108 -> N/A            :443  
[2026-06-09 17:20:08.024] TCP   | N/A            :443   -> N/A            :52108
[2026-06-09 17:20:08.024] TCP   | N/A            :54500 -> N/A            :443  
[2026-06-09 17:20:08.061] TCP   | N/A            :52108 -> N/A            :443  
[2026-06-09 17:20:08.093] TCP   | N/A            :443   -> N/A            :54500
[2026-06-09 17:20:08.094] TCP   | N/A            :443   -> N/A            :52108
[2026-06-09 17:20:08.096] TCP   | N/A            :443   -> N/A            :54500
[2026-06-09 17:20:08.097] TCP   | N/A            :443   -> N/A            :54500
[2026-06-09 17:20:08.099] TCP   | N/A            :443   -> N/A            :52108
[2026-06-09 17:20:08.100] TCP   | N/A            :443   -> N/A            :54500
[2026-06-09 17:20:08.102] TCP   | N/A            :443   -> N/A            :52108
[2026-06-09 17:20:08.104] TCP   | N/A            :443   -> N/A            :52108
[2026-06-09 17:20:08.105] TCP   | N/A            :443   -> N/A            :52108
[2026-06-09 17:20:08.106] TCP   | N/A            :54500 -> N/A            :443  
[2026-06-09 17:20:08.108] TCP   | N/A            :443   -> N/A            :52108
[2026-06-09 17:20:08.109] TCP   | N/A            :443   -> N/A            :52108
[2026-06-09 17:20:08.110] TCP   | N/A            :54500 -> N/A            :443  
[2026-06-09 17:20:08.110] TCP   | N/A            :52108 -> N/A            :443  
[2026-06-09 17:20:08.113] TCP   | N/A            :443   -> N/A            :52108
[2026-06-09 17:20:08.113] TCP   | N/A            :443   -> N/A            :52108
[2026-06-09 17:20:08.114] TCP   | N/A            :443   -> N/A            :52108
[2026-06-09 17:20:08.114] TCP   | N/A            :52108 -> N/A            :443  
[2026-06-09 17:20:08.114] TCP   | N/A            :443   -> N/A            :54500
[2026-06-09 17:20:08.115] TCP   | N/A            :443   -> N/A            :54500
[2026-06-09 17:20:08.115] TCP   | N/A            :443   -> N/A            :54500
[2026-06-09 17:20:08.115] TCP   | N/A            :52108 -> N/A            :443  
[2026-06-09 17:20:08.115] TCP   | N/A            :443   -> N/A            :54500
[2026-06-09 17:20:08.116] TCP   | N/A            :443   -> N/A            :54500
[2026-06-09 17:20:08.116] TCP   | N/A            :443   -> N/A            :54500
[2026-06-09 17:20:08.116] TCP   | N/A            :443   -> N/A            :54500
[2026-06-09 17:20:08.117] TCP   | N/A            :54500 -> N/A            :443  
[2026-06-09 17:20:08.117] TCP   | N/A            :54500 -> N/A            :443  
[2026-06-09 17:20:08.133] TCP   | N/A            :443   -> N/A            :52108
[2026-06-09 17:20:08.133] TCP   | N/A            :443   -> N/A            :52108
[2026-06-09 17:20:08.134] TCP   | N/A            :443   -> N/A            :52108
[2026-06-09 17:20:08.134] TCP   | N/A            :443   -> N/A            :52108
[2026-06-09 17:20:08.134] TCP   | N/A            :443   -> N/A            :52108
[2026-06-09 17:20:08.135] TCP   | N/A            :443   -> N/A            :54500
[2026-06-09 17:20:08.135] TCP   | N/A            :443   -> N/A            :54500
[2026-06-09 17:20:08.135] TCP   | N/A            :443   -> N/A            :34108
[2026-06-09 17:20:08.136] TCP   | N/A            :443   -> N/A            :52108
[2026-06-09 17:20:08.136] TCP   | N/A            :54500 -> N/A            :443  
[2026-06-09 17:20:08.136] TCP   | N/A            :52108 -> N/A            :443  
[2026-06-09 17:20:08.136] TCP   | N/A            :34108 -> N/A            :443  
[2026-06-09 17:20:08.157] TCP   | N/A            :443   -> N/A            :54500
[2026-06-09 17:20:08.157] TCP   | N/A            :443   -> N/A            :54500
[2026-06-09 17:20:08.158] TCP   | N/A            :443   -> N/A            :52108
[2026-06-09 17:20:08.158] TCP   | N/A            :443   -> N/A            :52108
[2026-06-09 17:20:08.158] TCP   | N/A            :443   -> N/A            :52108
[2026-06-09 17:20:08.159] TCP   | N/A            :54500 -> N/A            :443  
[2026-06-09 17:20:08.159] TCP   | N/A            :52108 -> N/A            :443  
[2026-06-09 17:20:08.201] TCP   | N/A            :443   -> N/A            :52108
[2026-06-09 17:20:08.202] TCP   | N/A            :443   -> N/A            :52108
[2026-06-09 17:20:08.203] TCP   | N/A            :443   -> N/A            :54500
[2026-06-09 17:20:08.203] TCP   | N/A            :443   -> N/A            :54500
[2026-06-09 17:20:08.204] TCP   | N/A            :443   -> N/A            :54500
[2026-06-09 17:20:08.205] TCP   | N/A            :443   -> N/A            :54500
[2026-06-09 17:20:08.206] TCP   | N/A            :443   -> N/A            :54500
[2026-06-09 17:20:08.207] TCP   | N/A            :443   -> N/A            :54500
[2026-06-09 17:20:08.207] TCP   | N/A            :54500 -> N/A            :443  
[2026-06-09 17:20:08.208] TCP   | N/A            :52108 -> N/A            :443  
[2026-06-09 17:20:08.233] TCP   | N/A            :443   -> N/A            :52108
[2026-06-09 17:20:08.234] TCP   | N/A            :443   -> N/A            :52108
[2026-06-09 17:20:08.235] TCP   | N/A            :52108 -> N/A            :443  
[2026-06-09 17:20:08.237] TCP   | N/A            :443   -> N/A            :54500
[2026-06-09 17:20:08.238] TCP   | N/A            :443   -> N/A            :54500
[2026-06-09 17:20:08.240] TCP   | N/A            :443   -> N/A            :54500
[2026-06-09 17:20:08.241] TCP   | N/A            :54500 -> N/A            :443  
[2026-06-09 17:20:08.242] TCP   | N/A            :443   -> N/A            :54500
[2026-06-09 17:20:08.244] TCP   | N/A            :443   -> N/A            :34108
[2026-06-09 17:20:08.245] TCP   | N/A            :443   -> N/A            :54500
[2026-06-09 17:20:08.247] TCP   | N/A            :443   -> N/A            :54500
[2026-06-09 17:20:08.248] TCP   | N/A            :54500 -> N/A            :443  
[2026-06-09 17:20:08.249] TCP   | N/A            :34108 -> N/A            :443  
[2026-06-09 17:20:08.250] TCP   | N/A            :54500 -> N/A            :443  
[2026-06-09 17:20:08.266] TCP   | N/A            :443   -> N/A            :52108
[2026-06-09 17:20:08.266] TCP   | N/A            :443   -> N/A            :52108
[2026-06-09 17:20:08.266] TCP   | N/A            :443   -> N/A            :54500
[2026-06-09 17:20:08.267] TCP   | N/A            :443   -> N/A            :54500
[2026-06-09 17:20:08.267] TCP   | N/A            :443   -> N/A            :54500
[2026-06-09 17:20:08.267] TCP   | N/A            :54500 -> N/A            :443  
[2026-06-09 17:20:08.267] TCP   | N/A            :443   -> N/A            :54500
[2026-06-09 17:20:08.268] TCP   | N/A            :54500 -> N/A            :443  
[2026-06-09 17:20:08.268] TCP   | N/A            :52108 -> N/A            :443  
[2026-06-09 17:20:08.291] TCP   | N/A            :443   -> N/A            :52108
[2026-06-09 17:20:08.291] TCP   | N/A            :443   -> N/A            :52108
[2026-06-09 17:20:08.291] TCP   | N/A            :443   -> N/A            :54500
[2026-06-09 17:20:08.292] TCP   | N/A            :443   -> N/A            :34108
[2026-06-09 17:20:08.292] TCP   | N/A            :54500 -> N/A            :443  
[2026-06-09 17:20:08.292] TCP   | N/A            :443   -> N/A            :54500
[2026-06-09 17:20:08.293] TCP   | N/A            :34108 -> N/A            :443  
[2026-06-09 17:20:08.293] TCP   | N/A            :52108 -> N/A            :443  
[2026-06-09 17:20:08.293] TCP   | N/A            :54500 -> N/A            :443  
[2026-06-09 17:20:08.327] TCP   | N/A            :443   -> N/A            :54500
[2026-06-09 17:20:08.328] TCP   | N/A            :443   -> N/A            :52108
[2026-06-09 17:20:08.328] TCP   | N/A            :443   -> N/A            :52108
[2026-06-09 17:20:08.329] TCP   | N/A            :443   -> N/A            :52108
[2026-06-09 17:20:08.329] TCP   | N/A            :443   -> N/A            :52108
[2026-06-09 17:20:08.330] TCP   | N/A            :54500 -> N/A            :443  
[2026-06-09 17:20:08.330] TCP   | N/A            :443   -> N/A            :52108
[2026-06-09 17:20:08.330] TCP   | N/A            :443   -> N/A            :52108
[2026-06-09 17:20:08.331] TCP   | N/A            :443   -> N/A            :52108
[2026-06-09 17:20:08.331] TCP   | N/A            :443   -> N/A            :52108
[2026-06-09 17:20:08.331] TCP   | N/A            :52108 -> N/A            :443  
[2026-06-09 17:20:08.339] TCP   | N/A            :443   -> N/A            :52108
[2026-06-09 17:20:08.340] TCP   | N/A            :443   -> N/A            :52108
[2026-06-09 17:20:08.340] TCP   | N/A            :443   -> N/A            :52108
[2026-06-09 17:20:08.340] TCP   | N/A            :443   -> N/A            :52108
[2026-06-09 17:20:08.340] TCP   | N/A            :52108 -> N/A            :443  
[2026-06-09 17:20:08.341] TCP   | N/A            :52108 -> N/A            :443  
[2026-06-09 17:20:08.346] TCP   | N/A            :443   -> N/A            :52108
[2026-06-09 17:20:08.346] TCP   | N/A            :52108 -> N/A            :443  
[2026-06-09 17:20:08.377] TCP   | N/A            :443   -> N/A            :52108
[2026-06-09 17:20:08.377] TCP   | N/A            :443   -> N/A            :52108
[2026-06-09 17:20:08.378] TCP   | N/A            :443   -> N/A            :54500
[2026-06-09 17:20:08.378] TCP   | N/A            :54500 -> N/A            :443  
[2026-06-09 17:20:08.378] TCP   | N/A            :52108 -> N/A            :443  
[2026-06-09 17:20:08.399] TCP   | N/A            :443   -> N/A            :52108
[2026-06-09 17:20:08.400] TCP   | N/A            :52108 -> N/A            :443  
[2026-06-09 17:20:08.414] TCP   | N/A            :443   -> N/A            :52108
[2026-06-09 17:20:08.416] TCP   | N/A            :443   -> N/A            :52108
[2026-06-09 17:20:08.417] TCP   | N/A            :443   -> N/A            :34108
[2026-06-09 17:20:08.417] TCP   | N/A            :52108 -> N/A            :443  
[2026-06-09 17:20:08.418] TCP   | N/A            :443   -> N/A            :52108
[2026-06-09 17:20:08.429] TCP   | N/A            :443   -> N/A            :52108
[2026-06-09 17:20:08.429] TCP   | N/A            :52108 -> N/A            :443  
[2026-06-09 17:20:08.429] TCP   | N/A            :443   -> N/A            :54500
[2026-06-09 17:20:08.430] TCP   | N/A            :443   -> N/A            :34108
[2026-06-09 17:20:08.430] TCP   | N/A            :443   -> N/A            :54500
[2026-06-09 17:20:08.430] TCP   | N/A            :54500 -> N/A            :443  
[2026-06-09 17:20:08.430] TCP   | N/A            :34108 -> N/A            :443  
[2026-06-09 17:20:08.431] TCP   | N/A            :54500 -> N/A            :443  
[2026-06-09 17:20:08.434] TCP   | N/A            :443   -> N/A            :52108
[2026-06-09 17:20:08.434] TCP   | N/A            :443   -> N/A            :54500
[2026-06-09 17:20:08.435] TCP   | N/A            :54500 -> N/A            :443  
[2026-06-09 17:20:08.435] TCP   | N/A            :443   -> N/A            :52108
[2026-06-09 17:20:08.435] TCP   | N/A            :52108 -> N/A            :443  
[2026-06-09 17:20:08.451] TCP   | N/A            :443   -> N/A            :54500
[2026-06-09 17:20:08.451] TCP   | N/A            :443   -> N/A            :52108
[2026-06-09 17:20:08.452] TCP   | N/A            :443   -> N/A            :52108
[2026-06-09 17:20:08.452] TCP   | N/A            :54500 -> N/A            :443  
[2026-06-09 17:20:08.452] TCP   | N/A            :52108 -> N/A            :443  
[2026-06-09 17:20:08.455] TCP   | N/A            :443   -> N/A            :52108
[2026-06-09 17:20:08.455] TCP   | N/A            :443   -> N/A            :54500
[2026-06-09 17:20:08.455] TCP   | N/A            :54500 -> N/A            :443  
[2026-06-09 17:20:08.455] TCP   | N/A            :443   -> N/A            :52108
[2026-06-09 17:20:08.455] TCP   | N/A            :52108 -> N/A            :443  
[2026-06-09 17:20:08.457] TCP   | N/A            :443   -> N/A            :52108
[2026-06-09 17:20:08.457] TCP   | N/A            :52108 -> N/A            :443  
[2026-06-09 17:20:08.458] TCP   | N/A            :443   -> N/A            :52108
[2026-06-09 17:20:08.459] TCP   | N/A            :52108 -> N/A            :443  
[2026-06-09 17:20:08.460] TCP   | N/A            :443   -> N/A            :52108
[2026-06-09 17:20:08.461] TCP   | N/A            :52108 -> N/A            :443  
[2026-06-09 17:20:08.486] TCP   | N/A            :443   -> N/A            :52108
[2026-06-09 17:20:08.486] TCP   | N/A            :443   -> N/A            :52108
[2026-06-09 17:20:08.486] TCP   | N/A            :52108 -> N/A            :443  
[2026-06-09 17:20:08.489] TCP   | N/A            :443   -> N/A            :52108
[2026-06-09 17:20:08.489] TCP   | N/A            :52108 -> N/A            :443  
[2026-06-09 17:20:08.493] TCP   | N/A            :443   -> N/A            :52108
[2026-06-09 17:20:08.493] TCP   | N/A            :52108 -> N/A            :443  
[2026-06-09 17:20:08.495] TCP   | N/A            :443   -> N/A            :52108
[2026-06-09 17:20:08.495] TCP   | N/A            :52108 -> N/A            :443  
[2026-06-09 17:20:08.497] TCP   | N/A            :443   -> N/A            :54500
[2026-06-09 17:20:08.497] TCP   | N/A            :54500 -> N/A            :443  
[2026-06-09 17:20:08.498] TCP   | N/A            :443   -> N/A            :54500
[2026-06-09 17:20:08.498] TCP   | N/A            :443   -> N/A            :54500
[2026-06-09 17:20:08.499] TCP   | N/A            :54500 -> N/A            :443  
[2026-06-09 17:20:08.501] TCP   | N/A            :443   -> N/A            :52108
[2026-06-09 17:20:08.501] TCP   | N/A            :52108 -> N/A            :443  
[2026-06-09 17:20:08.502] TCP   | N/A            :443   -> N/A            :54500
[2026-06-09 17:20:08.502] TCP   | N/A            :443   -> N/A            :54500
[2026-06-09 17:20:08.503] TCP   | N/A            :54500 -> N/A            :443  
[2026-06-09 17:20:08.505] TCP   | N/A            :443   -> N/A            :54500
[2026-06-09 17:20:08.507] TCP   | N/A            :443   -> N/A            :52108
[2026-06-09 17:20:08.514] TCP   | N/A            :443   -> N/A            :52108
[2026-06-09 17:20:08.514] TCP   | N/A            :52108 -> N/A            :443  
[2026-06-09 17:20:08.515] TCP   | N/A            :443   -> N/A            :54500
[2026-06-09 17:20:08.515] TCP   | N/A            :54500 -> N/A            :443  
[2026-06-09 17:20:08.515] TCP   | N/A            :443   -> N/A            :52108
[2026-06-09 17:20:08.515] TCP   | N/A            :52108 -> N/A            :443  
[2026-06-09 17:20:08.518] TCP   | N/A            :443   -> N/A            :54500
[2026-06-09 17:20:08.518] TCP   | N/A            :443   -> N/A            :54500
[2026-06-09 17:20:08.518] TCP   | N/A            :54500 -> N/A            :443  
[2026-06-09 17:20:08.539] TCP   | N/A            :443   -> N/A            :52108
[2026-06-09 17:20:08.539] TCP   | N/A            :443   -> N/A            :54500
[2026-06-09 17:20:08.539] TCP   | N/A            :443   -> N/A            :54500
[2026-06-09 17:20:08.539] TCP   | N/A            :443   -> N/A            :54500
[2026-06-09 17:20:08.539] TCP   | N/A            :52108 -> N/A            :443  
[2026-06-09 17:20:08.540] TCP   | N/A            :54500 -> N/A            :443  
[2026-06-09 17:20:08.540] TCP   | N/A            :443   -> N/A            :54500
[2026-06-09 17:20:08.540] TCP   | N/A            :54500 -> N/A            :443  
[2026-06-09 17:20:08.552] TCP   | N/A            :443   -> N/A            :54500
[2026-06-09 17:20:08.552] TCP   | N/A            :443   -> N/A            :54500
[2026-06-09 17:20:08.553] TCP   | N/A            :443   -> N/A            :54500
[2026-06-09 17:20:08.553] TCP   | N/A            :54500 -> N/A            :443  
[2026-06-09 17:20:08.554] TCP   | 192.168.1.98   :46730 -> 20.184.175.13  :443  
[2026-06-09 17:20:08.554] TCP   | 192.168.1.98   :46730 -> 20.184.175.13  :443  
[2026-06-09 17:20:08.629] TCP   | N/A            :443   -> N/A            :54500
[2026-06-09 17:20:08.629] TCP   | N/A            :443   -> N/A            :54500
[2026-06-09 17:20:08.630] TCP   | N/A            :443   -> N/A            :54500
[2026-06-09 17:20:08.630] TCP   | N/A            :443   -> N/A            :52108
[2026-06-09 17:20:08.630] TCP   | N/A            :443   -> N/A            :52108
[2026-06-09 17:20:08.630] TCP   | N/A            :443   -> N/A            :52108
[2026-06-09 17:20:08.630] TCP   | N/A            :443   -> N/A            :54500
[2026-06-09 17:20:08.631] TCP   | N/A            :52108 -> N/A            :443  
[2026-06-09 17:20:08.631] TCP   | N/A            :54500 -> N/A            :443  
[2026-06-09 17:20:08.659] TCP   | N/A            :443   -> N/A            :54500
[2026-06-09 17:20:08.660] TCP   | N/A            :443   -> N/A            :54500
[2026-06-09 17:20:08.660] TCP   | N/A            :443   -> N/A            :54500
[2026-06-09 17:20:08.660] TCP   | N/A            :443   -> N/A            :52108
[2026-06-09 17:20:08.660] TCP   | N/A            :443   -> N/A            :52108
[2026-06-09 17:20:08.660] TCP   | N/A            :52108 -> N/A            :443  
[2026-06-09 17:20:08.661] TCP   | N/A            :54500 -> N/A            :443  
[2026-06-09 17:20:08.661] TCP   | N/A            :52108 -> N/A            :443  
[2026-06-09 17:20:08.661] TCP   | N/A            :54500 -> N/A            :443  
[2026-06-09 17:20:08.661] TCP   | N/A            :54500 -> N/A            :443  
[2026-06-09 17:20:08.698] TCP   | N/A            :443   -> N/A            :54500
[2026-06-09 17:20:08.698] TCP   | N/A            :443   -> N/A            :54500
[2026-06-09 17:20:08.698] TCP   | N/A            :443   -> N/A            :54500
[2026-06-09 17:20:08.698] TCP   | N/A            :443   -> N/A            :52108
[2026-06-09 17:20:08.699] TCP   | N/A            :52108 -> N/A            :443  
[2026-06-09 17:20:08.699] TCP   | N/A            :54500 -> N/A            :443  
[2026-06-09 17:20:08.699] TCP   | N/A            :443   -> N/A            :54500
[2026-06-09 17:20:08.699] TCP   | N/A            :443   -> N/A            :54500
[2026-06-09 17:20:08.699] TCP   | N/A            :54500 -> N/A            :443  
[2026-06-09 17:20:08.710] TCP   | N/A            :443   -> N/A            :54500
[2026-06-09 17:20:08.710] TCP   | N/A            :443   -> N/A            :54500
[2026-06-09 17:20:08.710] TCP   | N/A            :443   -> N/A            :54500
[2026-06-09 17:20:08.711] TCP   | N/A            :443   -> N/A            :54500
[2026-06-09 17:20:08.711] TCP   | N/A            :443   -> N/A            :52108
[2026-06-09 17:20:08.711] TCP   | N/A            :443   -> N/A            :52108
[2026-06-09 17:20:08.711] TCP   | N/A            :52108 -> N/A            :443  
[2026-06-09 17:20:08.711] TCP   | N/A            :54500 -> N/A            :443  
[2026-06-09 17:20:08.712] TCP   | N/A            :52108 -> N/A            :443  
[2026-06-09 17:20:08.712] TCP   | N/A            :443   -> N/A            :54500
[2026-06-09 17:20:08.712] TCP   | N/A            :443   -> N/A            :54500
[2026-06-09 17:20:08.712] TCP   | N/A            :443   -> N/A            :54500
[2026-06-09 17:20:08.712] TCP   | N/A            :54500 -> N/A            :443  
[2026-06-09 17:20:08.713] TCP   | N/A            :54500 -> N/A            :443  
[2026-06-09 17:20:08.768] TCP   | N/A            :443   -> N/A            :52108
[2026-06-09 17:20:08.769] TCP   | N/A            :443   -> N/A            :52108
[2026-06-09 17:20:08.769] TCP   | N/A            :443   -> N/A            :54500
[2026-06-09 17:20:08.770] TCP   | N/A            :443   -> N/A            :54500
[2026-06-09 17:20:08.770] TCP   | N/A            :443   -> N/A            :54500
[2026-06-09 17:20:08.771] TCP   | N/A            :52108 -> N/A            :443  
[2026-06-09 17:20:08.771] TCP   | N/A            :443   -> N/A            :54500
[2026-06-09 17:20:08.772] TCP   | N/A            :443   -> N/A            :54500
[2026-06-09 17:20:08.772] TCP   | N/A            :443   -> N/A            :34108
[2026-06-09 17:20:08.773] TCP   | N/A            :52108 -> N/A            :443  
[2026-06-09 17:20:08.773] TCP   | N/A            :34108 -> N/A            :443  
[2026-06-09 17:20:08.773] TCP   | N/A            :54500 -> N/A            :443  
[2026-06-09 17:20:08.866] TCP   | N/A            :443   -> N/A            :54500
[2026-06-09 17:20:08.868] TCP   | N/A            :443   -> N/A            :52108
[2026-06-09 17:20:08.869] TCP   | N/A            :443   -> N/A            :52108
[2026-06-09 17:20:08.870] TCP   | N/A            :52108 -> N/A            :443  
[2026-06-09 17:20:08.871] TCP   | N/A            :52108 -> N/A            :443  
[2026-06-09 17:20:08.872] TCP   | N/A            :443   -> N/A            :52108
[2026-06-09 17:20:08.874] TCP   | N/A            :443   -> N/A            :52108
[2026-06-09 17:20:08.875] TCP   | N/A            :52108 -> N/A            :443  
[2026-06-09 17:20:08.876] TCP   | N/A            :52108 -> N/A            :443  
[2026-06-09 17:20:08.877] TCP   | N/A            :443   -> N/A            :52108
[2026-06-09 17:20:08.878] TCP   | N/A            :52108 -> N/A            :443  
[2026-06-09 17:20:08.879] TCP   | N/A            :443   -> N/A            :52108
[2026-06-09 17:20:08.880] TCP   | N/A            :52108 -> N/A            :443  
[2026-06-09 17:20:08.881] TCP   | N/A            :54500 -> N/A            :443  
[2026-06-09 17:20:08.887] TCP   | N/A            :443   -> N/A            :52108
[2026-06-09 17:20:08.887] TCP   | N/A            :443   -> N/A            :52108
[2026-06-09 17:20:08.887] TCP   | N/A            :443   -> N/A            :52108
[2026-06-09 17:20:08.888] TCP   | N/A            :52108 -> N/A            :443  
[2026-06-09 17:20:08.888] TCP   | N/A            :52108 -> N/A            :443  
[2026-06-09 17:20:08.888] TCP   | N/A            :443   -> N/A            :52108
[2026-06-09 17:20:08.888] TCP   | N/A            :52108 -> N/A            :443  
[2026-06-09 17:20:08.937] TCP   | N/A            :443   -> N/A            :52108
[2026-06-09 17:20:08.938] TCP   | N/A            :443   -> N/A            :54500
[2026-06-09 17:20:08.938] TCP   | N/A            :443   -> N/A            :52108
[2026-06-09 17:20:08.939] TCP   | N/A            :443   -> N/A            :52108
[2026-06-09 17:20:08.940] TCP   | N/A            :443   -> N/A            :34108
[2026-06-09 17:20:08.940] TCP   | N/A            :443   -> N/A            :52108
[2026-06-09 17:20:08.941] TCP   | N/A            :34108 -> N/A            :443  
[2026-06-09 17:20:08.942] TCP   | N/A            :443   -> N/A            :52108
[2026-06-09 17:20:08.942] TCP   | N/A            :443   -> N/A            :54500
[2026-06-09 17:20:08.943] TCP   | N/A            :54500 -> N/A            :443  
[2026-06-09 17:20:08.943] TCP   | N/A            :52108 -> N/A            :443  
[2026-06-09 17:20:08.943] TCP   | N/A            :443   -> N/A            :54500
[2026-06-09 17:20:08.944] TCP   | N/A            :443   -> N/A            :54500
[2026-06-09 17:20:08.944] TCP   | N/A            :443   -> N/A            :54500
[2026-06-09 17:20:08.944] TCP   | N/A            :443   -> N/A            :52108
[2026-06-09 17:20:08.944] TCP   | N/A            :443   -> N/A            :52108
[2026-06-09 17:20:08.945] TCP   | N/A            :443   -> N/A            :52108
[2026-06-09 17:20:08.945] TCP   | N/A            :443   -> N/A            :54500
[2026-06-09 17:20:08.945] TCP   | N/A            :52108 -> N/A            :443  
[2026-06-09 17:20:08.945] TCP   | N/A            :52108 -> N/A            :443  
[2026-06-09 17:20:08.946] TCP   | N/A            :54500 -> N/A            :443  
[2026-06-09 17:20:08.972] TCP   | N/A            :443   -> N/A            :54500
[2026-06-09 17:20:08.972] TCP   | N/A            :443   -> N/A            :54500
[2026-06-09 17:20:08.973] TCP   | N/A            :443   -> N/A            :34108
[2026-06-09 17:20:08.973] TCP   | N/A            :443   -> N/A            :52108
[2026-06-09 17:20:08.973] TCP   | N/A            :443   -> N/A            :52108
[2026-06-09 17:20:08.974] TCP   | N/A            :52108 -> N/A            :443  
[2026-06-09 17:20:08.974] TCP   | N/A            :34108 -> N/A            :443  
[2026-06-09 17:20:08.974] TCP   | N/A            :52108 -> N/A            :443  
[2026-06-09 17:20:08.974] TCP   | N/A            :443   -> N/A            :52108
[2026-06-09 17:20:08.975] TCP   | N/A            :443   -> N/A            :52108
[2026-06-09 17:20:08.975] TCP   | N/A            :443   -> N/A            :52108
[2026-06-09 17:20:08.975] TCP   | N/A            :443   -> N/A            :52108
[2026-06-09 17:20:08.975] TCP   | N/A            :52108 -> N/A            :443  
[2026-06-09 17:20:08.975] TCP   | N/A            :54500 -> N/A            :443  
[2026-06-09 17:20:08.976] TCP   | N/A            :52108 -> N/A            :443  
[2026-06-09 17:20:08.979] TCP   | N/A            :443   -> N/A            :54500
[2026-06-09 17:20:08.979] TCP   | N/A            :443   -> N/A            :54500
[2026-06-09 17:20:08.979] TCP   | N/A            :443   -> N/A            :52108
[2026-06-09 17:20:08.979] TCP   | N/A            :443   -> N/A            :52108
[2026-06-09 17:20:08.980] TCP   | N/A            :443   -> N/A            :52108
[2026-06-09 17:20:08.980] TCP   | N/A            :54500 -> N/A            :443  
[2026-06-09 17:20:08.980] TCP   | N/A            :52108 -> N/A            :443  
[2026-06-09 17:20:08.991] TCP   | N/A            :443   -> N/A            :54500
[2026-06-09 17:20:08.991] TCP   | N/A            :443   -> N/A            :54500
[2026-06-09 17:20:08.991] TCP   | N/A            :443   -> N/A            :54500
[2026-06-09 17:20:08.992] TCP   | N/A            :443   -> N/A            :54500
[2026-06-09 17:20:08.992] TCP   | N/A            :54500 -> N/A            :443  
[2026-06-09 17:20:09.003] TCP   | N/A            :443   -> N/A            :54500
[2026-06-09 17:20:09.004] TCP   | N/A            :443   -> N/A            :54500
[2026-06-09 17:20:09.004] TCP   | N/A            :443   -> N/A            :52108
[2026-06-09 17:20:09.004] TCP   | N/A            :54500 -> N/A            :443  
[2026-06-09 17:20:09.005] TCP   | N/A            :52108 -> N/A            :443  
[2026-06-09 17:20:09.030] TCP   | N/A            :443   -> N/A            :52108
[2026-06-09 17:20:09.030] TCP   | N/A            :443   -> N/A            :52108
[2026-06-09 17:20:09.030] TCP   | N/A            :443   -> N/A            :54500
[2026-06-09 17:20:09.031] TCP   | N/A            :443   -> N/A            :54500
[2026-06-09 17:20:09.031] TCP   | N/A            :443   -> N/A            :54500
[2026-06-09 17:20:09.031] TCP   | N/A            :52108 -> N/A            :443  
[2026-06-09 17:20:09.031] TCP   | N/A            :54500 -> N/A            :443  
[2026-06-09 17:20:09.036] TCP   | N/A            :443   -> N/A            :52108
[2026-06-09 17:20:09.037] TCP   | N/A            :443   -> N/A            :52108
[2026-06-09 17:20:09.037] TCP   | N/A            :443   -> N/A            :52108
[2026-06-09 17:20:09.037] TCP   | N/A            :52108 -> N/A            :443  
[2026-06-09 17:20:09.037] TCP   | N/A            :52108 -> N/A            :443  
[2026-06-09 17:20:09.037] TCP   | N/A            :443   -> N/A            :52108
[2026-06-09 17:20:09.038] TCP   | N/A            :52108 -> N/A            :443  
[2026-06-09 17:20:09.048] TCP   | N/A            :443   -> N/A            :52108
[2026-06-09 17:20:09.049] TCP   | N/A            :443   -> N/A            :54500
[2026-06-09 17:20:09.049] TCP   | N/A            :52108 -> N/A            :443  
[2026-06-09 17:20:09.049] TCP   | N/A            :54500 -> N/A            :443  
[2026-06-09 17:20:09.051] TCP   | N/A            :443   -> N/A            :54500
[2026-06-09 17:20:09.051] TCP   | N/A            :54500 -> N/A            :443  
[2026-06-09 17:20:09.061] TCP   | N/A            :443   -> N/A            :54500
[2026-06-09 17:20:09.061] TCP   | N/A            :443   -> N/A            :52108
[2026-06-09 17:20:09.061] TCP   | N/A            :443   -> N/A            :52108
[2026-06-09 17:20:09.061] TCP   | N/A            :52108 -> N/A            :443  
[2026-06-09 17:20:09.062] TCP   | N/A            :54500 -> N/A            :443  
[2026-06-09 17:20:09.062] TCP   | N/A            :52108 -> N/A            :443  
[2026-06-09 17:20:09.065] TCP   | N/A            :443   -> N/A            :54500
[2026-06-09 17:20:09.065] TCP   | N/A            :54500 -> N/A            :443  
[2026-06-09 17:20:09.070] TCP   | N/A            :443   -> N/A            :54500
[2026-06-09 17:20:09.071] TCP   | N/A            :443   -> N/A            :54500
[2026-06-09 17:20:09.071] TCP   | N/A            :443   -> N/A            :54500
[2026-06-09 17:20:09.071] TCP   | N/A            :54500 -> N/A            :443  
[2026-06-09 17:20:09.071] TCP   | N/A            :54500 -> N/A            :443  
[2026-06-09 17:20:09.071] TCP   | N/A            :54500 -> N/A            :443  
[2026-06-09 17:20:09.113] TCP   | N/A            :443   -> N/A            :52108
[2026-06-09 17:20:09.114] TCP   | N/A            :443   -> N/A            :52108
[2026-06-09 17:20:09.114] TCP   | N/A            :443   -> N/A            :54500
[2026-06-09 17:20:09.115] TCP   | N/A            :443   -> N/A            :54500
[2026-06-09 17:20:09.115] TCP   | N/A            :443   -> N/A            :54500
[2026-06-09 17:20:09.116] TCP   | N/A            :54500 -> N/A            :443  
[2026-06-09 17:20:09.116] TCP   | N/A            :52108 -> N/A            :443  
[2026-06-09 17:20:09.116] TCP   | N/A            :52108 -> N/A            :443  
[2026-06-09 17:20:09.117] TCP   | N/A            :443   -> N/A            :54500
[2026-06-09 17:20:09.117] TCP   | N/A            :443   -> N/A            :54500
[2026-06-09 17:20:09.118] TCP   | N/A            :443   -> N/A            :54500
[2026-06-09 17:20:09.118] TCP   | N/A            :54500 -> N/A            :443  
[2026-06-09 17:20:09.118] TCP   | N/A            :54500 -> N/A            :443  
[2026-06-09 17:20:09.118] TCP   | N/A            :54500 -> N/A            :443  
[2026-06-09 17:20:09.118] TCP   | N/A            :443   -> N/A            :54500
[2026-06-09 17:20:09.119] TCP   | N/A            :54500 -> N/A            :443  
[2026-06-09 17:20:09.119] TCP   | N/A            :443   -> N/A            :54500
[2026-06-09 17:20:09.119] TCP   | N/A            :54500 -> N/A            :443  
[2026-06-09 17:20:09.120] TCP   | N/A            :443   -> N/A            :54500
[2026-06-09 17:20:09.120] TCP   | N/A            :443   -> N/A            :54500
[2026-06-09 17:20:09.121] TCP   | N/A            :54500 -> N/A            :443  
[2026-06-09 17:20:09.188] TCP   | N/A            :443   -> N/A            :52108
[2026-06-09 17:20:09.190] TCP   | N/A            :443   -> N/A            :52108
[2026-06-09 17:20:09.191] TCP   | N/A            :443   -> N/A            :54500
[2026-06-09 17:20:09.192] TCP   | N/A            :443   -> N/A            :34108
[2026-06-09 17:20:09.193] TCP   | N/A            :443   -> N/A            :54500
[2026-06-09 17:20:09.194] TCP   | N/A            :52108 -> N/A            :443  
[2026-06-09 17:20:09.195] TCP   | N/A            :34108 -> N/A            :443  
[2026-06-09 17:20:09.196] TCP   | N/A            :52108 -> N/A            :443  
[2026-06-09 17:20:09.197] TCP   | N/A            :54500 -> N/A            :443  
[2026-06-09 17:20:09.236] TCP   | N/A            :443   -> N/A            :54500
[2026-06-09 17:20:09.237] TCP   | N/A            :443   -> N/A            :54500
[2026-06-09 17:20:09.238] TCP   | N/A            :443   -> N/A            :52108
[2026-06-09 17:20:09.240] TCP   | N/A            :443   -> N/A            :54500
[2026-06-09 17:20:09.241] TCP   | N/A            :443   -> N/A            :34108
[2026-06-09 17:20:09.242] TCP   | N/A            :52108 -> N/A            :443  
[2026-06-09 17:20:09.243] TCP   | N/A            :34108 -> N/A            :443  
[2026-06-09 17:20:09.244] TCP   | N/A            :54500 -> N/A            :443  
[2026-06-09 17:20:09.414] TCP   | N/A            :443   -> N/A            :54500
[2026-06-09 17:20:09.417] TCP   | N/A            :443   -> N/A            :52108
[2026-06-09 17:20:09.417] TCP   | 20.184.175.13  :443   -> 192.168.1.98   :46730
[2026-06-09 17:20:09.417] TCP   | N/A            :52108 -> N/A            :443  
[2026-06-09 17:20:09.418] TCP   | N/A            :54500 -> N/A            :443  
[2026-06-09 17:20:09.418] TCP   | N/A            :443   -> N/A            :52108
[2026-06-09 17:20:09.419] TCP   | N/A            :52108 -> N/A            :443  
[2026-06-09 17:20:09.419] TCP   | N/A            :443   -> N/A            :52108
[2026-06-09 17:20:09.419] TCP   | 20.184.175.13  :443   -> 192.168.1.98   :46730
[2026-06-09 17:20:09.420] TCP   | N/A            :52108 -> N/A            :443  
[2026-06-09 17:20:09.420] TCP   | N/A            :443   -> N/A            :52108
[2026-06-09 17:20:09.421] TCP   | N/A            :443   -> N/A            :52108
[2026-06-09 17:20:09.421] TCP   | N/A            :52108 -> N/A            :443  
[2026-06-09 17:20:09.421] TCP   | N/A            :52108 -> N/A            :443  
[2026-06-09 17:20:09.422] TCP   | N/A            :443   -> N/A            :54500
[2026-06-09 17:20:09.422] TCP   | N/A            :443   -> N/A            :54500
[2026-06-09 17:20:09.423] TCP   | N/A            :443   -> N/A            :52108
[2026-06-09 17:20:09.423] TCP   | N/A            :443   -> N/A            :52108
[2026-06-09 17:20:09.423] TCP   | N/A            :443   -> N/A            :52108
[2026-06-09 17:20:09.424] TCP   | N/A            :52108 -> N/A            :443  
[2026-06-09 17:20:09.424] TCP   | N/A            :54500 -> N/A            :443  
[2026-06-09 17:20:09.424] TCP   | N/A            :52108 -> N/A            :443  
[2026-06-09 17:20:09.425] TCP   | N/A            :52108 -> N/A            :443  
[2026-06-09 17:20:09.425] TCP   | N/A            :54500 -> N/A            :443  
[2026-06-09 17:20:09.425] TCP   | N/A            :443   -> N/A            :52108
[2026-06-09 17:20:09.426] TCP   | 192.168.1.98   :46730 -> 20.184.175.13  :443  
[2026-06-09 17:20:09.829] TCP   | N/A            :443   -> N/A            :54500
[2026-06-09 17:20:09.831] TCP   | N/A            :443   -> N/A            :54500
[2026-06-09 17:20:09.833] TCP   | N/A            :443   -> N/A            :34108
[2026-06-09 17:20:09.834] TCP   | N/A            :443   -> N/A            :52108
[2026-06-09 17:20:09.836] TCP   | N/A            :443   -> N/A            :52108
[2026-06-09 17:20:09.838] TCP   | N/A            :443   -> N/A            :52108
[2026-06-09 17:20:09.839] TCP   | N/A            :52108 -> N/A            :443  
[2026-06-09 17:20:09.840] TCP   | N/A            :54500 -> N/A            :443  
[2026-06-09 17:20:09.842] TCP   | N/A            :52108 -> N/A            :443  
[2026-06-09 17:20:09.843] TCP   | N/A            :52108 -> N/A            :443  
[2026-06-09 17:20:09.844] TCP   | N/A            :34108 -> N/A            :443  
[2026-06-09 17:20:09.846] TCP   | N/A            :443   -> N/A            :52108
[2026-06-09 17:20:09.847] TCP   | N/A            :443   -> N/A            :52108
[2026-06-09 17:20:09.849] TCP   | N/A            :52108 -> N/A            :443  
[2026-06-09 17:20:09.850] TCP   | N/A            :54500 -> N/A            :443  
[2026-06-09 17:20:09.851] TCP   | N/A            :52108 -> N/A            :443  
[2026-06-09 17:20:09.852] TCP   | N/A            :443   -> N/A            :52108
[2026-06-09 17:20:09.854] TCP   | N/A            :443   -> N/A            :52108
[2026-06-09 17:20:09.855] TCP   | N/A            :443   -> N/A            :52108
[2026-06-09 17:20:09.857] TCP   | N/A            :443   -> N/A            :54500
[2026-06-09 17:20:09.858] TCP   | N/A            :443   -> N/A            :34108
[2026-06-09 17:20:09.859] TCP   | 192.168.1.98   :36464 -> 104.208.16.91  :443  
[2026-06-09 17:20:09.860] TCP   | N/A            :443   -> N/A            :54500
[2026-06-09 17:20:09.861] TCP   | N/A            :443   -> N/A            :54500
[2026-06-09 17:20:09.862] TCP   | 192.168.1.98   :36468 -> 104.208.16.91  :443  
[2026-06-09 17:20:09.862] TCP   | N/A            :443   -> N/A            :52108
[2026-06-09 17:20:09.863] TCP   | N/A            :54500 -> N/A            :443  
[2026-06-09 17:20:09.864] TCP   | N/A            :443   -> N/A            :54500
[2026-06-09 17:20:09.864] TCP   | N/A            :443   -> N/A            :54500
[2026-06-09 17:20:09.879] TCP   | N/A            :34108 -> N/A            :443  
[2026-06-09 17:20:10.216] TCP   | N/A            :443   -> N/A            :52108
[2026-06-09 17:20:10.217] TCP   | N/A            :52108 -> N/A            :443  
[2026-06-09 17:20:10.218] TCP   | N/A            :443   -> N/A            :54500
[2026-06-09 17:20:10.220] TCP   | N/A            :443   -> N/A            :54500
[2026-06-09 17:20:10.221] TCP   | N/A            :443   -> N/A            :54500
[2026-06-09 17:20:10.222] TCP   | N/A            :443   -> N/A            :34108
[2026-06-09 17:20:10.223] TCP   | N/A            :443   -> N/A            :34108
[2026-06-09 17:20:10.224] TCP   | N/A            :443   -> N/A            :54500
[2026-06-09 17:20:10.225] TCP   | N/A            :54500 -> N/A            :443  
[2026-06-09 17:20:10.226] TCP   | N/A            :34108 -> N/A            :443  
[2026-06-09 17:20:10.227] TCP   | 192.168.1.98   :36482 -> 104.208.16.91  :443  
[2026-06-09 17:20:10.229] TCP   | N/A            :443   -> N/A            :52108
[2026-06-09 17:20:10.230] TCP   | N/A            :443   -> N/A            :52108
[2026-06-09 17:20:10.231] TCP   | N/A            :443   -> N/A            :54500
[2026-06-09 17:20:10.232] TCP   | N/A            :443   -> N/A            :54500
[2026-06-09 17:20:10.234] TCP   | N/A            :443   -> N/A            :54500
[2026-06-09 17:20:10.235] TCP   | N/A            :52108 -> N/A            :443  
[2026-06-09 17:20:10.236] TCP   | N/A            :54500 -> N/A            :443  
[2026-06-09 17:20:10.237] TCP   | N/A            :52108 -> N/A            :443  
[2026-06-09 17:20:10.239] TCP   | N/A            :54500 -> N/A            :443  
[2026-06-09 17:20:10.241] TCP   | N/A            :54500 -> N/A            :443  
[2026-06-09 17:20:10.242] TCP   | N/A            :443   -> N/A            :54500
[2026-06-09 17:20:10.243] TCP   | N/A            :443   -> N/A            :52108
[2026-06-09 17:20:10.244] TCP   | N/A            :443   -> N/A            :54500
[2026-06-09 17:20:10.246] TCP   | 20.184.175.13  :443   -> 192.168.1.98   :46730
[2026-06-09 17:20:10.247] TCP   | N/A            :443   -> N/A            :52108
[2026-06-09 17:20:10.248] TCP   | N/A            :443   -> N/A            :54500
[2026-06-09 17:20:10.249] TCP   | N/A            :443   -> N/A            :34108
[2026-06-09 17:20:10.249] TCP   | N/A            :443   -> N/A            :52108
[2026-06-09 17:20:10.250] TCP   | N/A            :443   -> N/A            :52108
[2026-06-09 17:20:10.251] TCP   | N/A            :443   -> N/A            :52108
[2026-06-09 17:20:10.252] TCP   | N/A            :443   -> N/A            :52108
[2026-06-09 17:20:10.252] TCP   | N/A            :52108 -> N/A            :443  
[2026-06-09 17:20:10.253] TCP   | N/A            :34108 -> N/A            :443  
[2026-06-09 17:20:10.253] TCP   | N/A            :443   -> N/A            :52108
[2026-06-09 17:20:10.254] TCP   | N/A            :443   -> N/A            :52108
[2026-06-09 17:20:10.254] TCP   | N/A            :443   -> N/A            :52108
[2026-06-09 17:20:10.254] TCP   | N/A            :52108 -> N/A            :443  
[2026-06-09 17:20:10.374] TCP   | N/A            :443   -> N/A            :52108
[2026-06-09 17:20:10.376] TCP   | N/A            :443   -> N/A            :52108
[2026-06-09 17:20:10.377] TCP   | N/A            :52108 -> N/A            :443  
[2026-06-09 17:20:10.378] TCP   | N/A            :52108 -> N/A            :443  
[2026-06-09 17:20:10.380] TCP   | N/A            :443   -> N/A            :52108
[2026-06-09 17:20:10.382] TCP   | N/A            :443   -> N/A            :52108
[2026-06-09 17:20:10.383] TCP   | N/A            :443   -> N/A            :52108
[2026-06-09 17:20:10.385] TCP   | N/A            :443   -> N/A            :52108